// Jest Snapshot v1, https://goo.gl/fbAQLP

exports[`InviteModal should render correctly 1`] = `null`;
